// Jest Snapshot v1, https://goo.gl/fbAQLP

exports[
  `<Newsletter /> should render component that wraps newsletter on page 1`
] = `
.c0 {
  background-color: #000000;
  padding: 6.4rem 0;
  width: 100%;
}

<section
  class="c0"
/>
`
