// Jest Snapshot v1, https://goo.gl/fbAQLP

exports[`Button should click the button and execute function once 1`] = `
.c1 {
  color: #000000;
  font-size: 1.6rem;
  font-weight: 500;
}

.c0 {
  border: 0;
  border-radius: 0;
  background-color: transparent;
  outline: 0;
  padding: 1.2rem 2rem;
  width: 100%;
}

<button
  class="c0"
>
  <p
    class="c1"
    color="#000000"
    title=""
  >
    Teste
  </p>
</button>
`

exports[`Button should render button with icon 1`] = `
.c0 {
  border: 0;
  border-radius: 50%;
  background-color: transparent;
  outline: 0;
  width: -webkit-fit-content;
  width: -moz-fit-content;
  width: fit-content;
}

<button
  class="c0"
>
  <div
    style="display: inline-block; max-width: 100%; overflow: hidden; position: relative; box-sizing: border-box; margin: 0px;"
  >
    <div
      style="box-sizing: border-box; display: block; max-width: 100%;"
    >
      <img
        alt=""
        aria-hidden="true"
        role="presentation"
        src="data:image/svg+xml;base64,PHN2ZyB3aWR0aD0iMjQiIGhlaWdodD0iMjQiIHhtbG5zPSJodHRwOi8vd3d3LnczLm9yZy8yMDAwL3N2ZyIgdmVyc2lvbj0iMS4xIi8+"
        style="max-width: 100%; display: block; margin: 0px; padding: 0px;"
      />
    </div>
    <img
      alt="Ã­cone de pesquisa"
      decoding="async"
      src="data:image/gif;base64,R0lGODlhAQABAIAAAAAAAP///yH5BAEAAAAALAAAAAABAAEAAAIBRAA7"
      style="visibility: hidden; position: absolute; top: 0px; left: 0px; bottom: 0px; right: 0px; box-sizing: border-box; padding: 0px; margin: auto; display: block; width: 0px; height: 0px; min-width: 100%; max-width: 100%; min-height: 100%; max-height: 100%;"
    />
  </div>
</button>
`

exports[`Button should render component button icon 1`] = `
.c1 {
  color: #000000;
  font-size: 1.6rem;
  font-weight: 500;
}

.c0 {
  border: 0;
  border-radius: 0;
  background-color: transparent;
  outline: 0;
  padding: 1.2rem 2rem;
  width: 100%;
}

<button
  class="c0"
>
  <p
    class="c1"
    color="#000000"
    title=""
  >
    Teste
  </p>
</button>
`
