// Jest Snapshot v1, https://goo.gl/fbAQLP

exports[
  `Flexbox should render component that represents display flex on page 1`
] = `
.c0 {
  -webkit-box-pack: start;
  -webkit-justify-content: flex-start;
  -ms-flex-pack: start;
  justify-content: flex-start;
  -webkit-align-items: center;
  -webkit-box-align: center;
  -ms-flex-align: center;
  align-items: center;
  display: -webkit-box;
  display: -webkit-flex;
  display: -ms-flexbox;
  display: flex;
  -webkit-flex-direction: row;
  -ms-flex-direction: row;
  flex-direction: row;
  height: 100%;
  width: 100%;
}

<div
  class="c0"
>
  <div>
    Teste
  </div>
</div>
`

exports[
  `Flexbox should render component that represents display flex on page with content centered 1`
] = `
.c0 {
  -webkit-box-pack: center;
  -webkit-justify-content: center;
  -ms-flex-pack: center;
  justify-content: center;
  -webkit-align-items: center;
  -webkit-box-align: center;
  -ms-flex-align: center;
  align-items: center;
  display: -webkit-box;
  display: -webkit-flex;
  display: -ms-flexbox;
  display: flex;
  -webkit-flex-direction: row;
  -ms-flex-direction: row;
  flex-direction: row;
  height: 100%;
  width: 100%;
}

<div
  class="c0"
>
  <div>
    Teste
  </div>
</div>
`

exports[
  `Flexbox should render component that represents display flex on page with content to the right 1`
] = `
.c0 {
  -webkit-box-pack: end;
  -webkit-justify-content: flex-end;
  -ms-flex-pack: end;
  justify-content: flex-end;
  -webkit-align-items: center;
  -webkit-box-align: center;
  -ms-flex-align: center;
  align-items: center;
  display: -webkit-box;
  display: -webkit-flex;
  display: -ms-flexbox;
  display: flex;
  -webkit-flex-direction: row;
  -ms-flex-direction: row;
  flex-direction: row;
  height: 100%;
  width: 100%;
}

<div
  class="c0"
>
  <div>
    Teste
  </div>
</div>
`

exports[
  `Flexbox should render component that represents display flex on page with space-between content 1`
] = `
.c0 {
  -webkit-box-pack: justify;
  -webkit-justify-content: space-between;
  -ms-flex-pack: justify;
  justify-content: space-between;
  -webkit-align-items: center;
  -webkit-box-align: center;
  -ms-flex-align: center;
  align-items: center;
  display: -webkit-box;
  display: -webkit-flex;
  display: -ms-flexbox;
  display: flex;
  -webkit-flex-direction: row;
  -ms-flex-direction: row;
  flex-direction: row;
  height: 100%;
  width: 100%;
}

<div
  class="c0"
>
  <div>
    Teste
  </div>
  <div>
    Teste2
  </div>
</div>
`
