// Jest Snapshot v1, https://goo.gl/fbAQLP

exports[`<Footer /> should render component that wraps Footer on page 1`] = `
.c0 {
  background-color: #000000;
  padding: 2.4rem 0rem;
  width: 100%;
}

@media (min-width:768px) {
  .c0 {
    padding: 2.4rem 20.8rem;
  }
}

<section
  class="c0"
/>
`
